<html>
<body>
<pre>
<h1>µVision Build Log</h1>
<h2>Tool Versions:</h2>
IDE-Version: µVision V5.28.0.0
Copyright (C) 2019 ARM Ltd and ARM Germany GmbH. All rights reserved.
License Information: Tan Rong Loo, SUTD, LIC=----
 
Tool Versions:
Toolchain:       MDK-Lite  Version: 5.28.0.0
Toolchain Path:  C:\Keil_v5\ARM\ARMCC\Bin
C Compiler:      Armcc.exe V5.06 update 6 (build 750)
Assembler:       Armasm.exe V5.06 update 6 (build 750)
Linker/Locator:  ArmLink.exe V5.06 update 6 (build 750)
Library Manager: ArmAr.exe V5.06 update 6 (build 750)
Hex Converter:   FromElf.exe V5.06 update 6 (build 750)
CPU DLL:         SARMCM3.DLL V5.28.0.0
Dialog DLL:      DARMCM1.DLL V1.19.2.0
Target DLL:      UL2CM3.DLL V1.162.16.0
Dialog DLL:      TARMCM1.DLL V1.14.1.0
 
<h2>Project:</h2>
D:\Verilog\EECE490_Assignment\Assignment_3\Luo_Hua_Yu\AHB_software\Midterm_software.uvprojx
Project File Date:  11/17/2019

<h2>Output:</h2>
*** Using Compiler 'V5.06 update 6 (build 750)', folder: 'C:\Keil_v5\ARM\ARMCC\Bin'
Build target 'Target 1'
assembling startup_CMSDK_CM0.s...
compiling system_CMSDK_CM0.c...
compiling main.c...
main.c(18): warning:  #550-D: variable "cnt_read"  was set but never used
  	int cnt_read;
main.c: 1 warning, 0 errors
linking...
Program Size: Code=388 RO-data=224 RW-data=8 ZI-data=864  
FromELF: creating hex file...
After Build - User command #1: C:\Keil_v5\\ARM\ARMCC\BIN\fromelf.exe D:\Verilog\EECE490_Assignment\Assignment_3\Luo_Hua_Yu\AHB_software\Objects\Midterm_software.axf --vhx --8x1 --output Midterm_software.hex
".\Objects\Midterm_software.axf" - 0 Error(s), 1 Warning(s).

<h2>Software Packages used:</h2>

Package Vendor: Keil
                http://www.keil.com/pack/Keil.V2M-MPS2_CMx_BSP.1.7.0.pack
                Keil.V2M-MPS2_CMx_BSP.1.7.0
                ARM V2M-MPS2 Board Support PACK for Cortex-M System Design Kit Devices

<h2>Collection of Component include folders:</h2>
  .\RTE\_Target_1
  C:\Users\Loo Tan Rong\AppData\Local\Arm\Packs\Keil\V2M-MPS2_CMx_BSP\1.7.0\Device\CMSDK_CM0\Include

<h2>Collection of Component Files used:</h2>
Build Time Elapsed:  00:00:01
</pre>
</body>
</html>
